[0;32mUNIT TESTS[0m
--- [31mFAIL[0m: Test_GraphAdd (0.00s)
    --- [31mFAIL[0m: Test_GraphAdd/Add_Children_when_nil (0.00s)
        assert.go:15: /gaddag/gaddag/tree_test.go:51
        assert.go:24: ! Letter: 119 != 0
    --- [31mFAIL[0m: Test_GraphAdd/Add_Children_to_Children (0.00s)
        assert.go:15: /gaddag/gaddag/tree_test.go:70
        assert.go:24: ! Letter: 119 != 0
        assert.go:24: ! Children[119].Letter: 119 != 0
--- [31mFAIL[0m: Test_CreateGraph (0.00s)
    assert.go:15: /gaddag/gaddag/gaddag_test.go:22
    assert.go:24: ! gaddag.Node != *gaddag.Node
[31mFAIL[0m
coverage: 91.7% of statements
[31mFAIL[0m	github.com/apiotrowski312/scrabbleBot/gaddag	0.003s
[32mPASS[0m  	github.com/apiotrowski312/scrabbleBot/utils/str_manipulator	0.004s	coverage: 100.0% of statements
?   	github.com/apiotrowski312/scrabbleBot/utils/test_utils	[no test files]
[31mFAIL[0m
